#-----------------------------------------------------------
# Webtalk v2018.2 (64-bit)
# SW Build 2258646 on Thu Jun 14 20:02:38 MDT 2018
# IP Build 2256618 on Thu Jun 14 22:10:49 MDT 2018
# Start of session at: Thu Apr 14 10:14:18 2022
# Process ID: 34779
# Current directory: /home/guerbett/Repositories/c-compiler-project/archi_mat/V1/microprocesseur/microprocesseur.sim/sim_1/behav/xsim
# Command line: wbtcv -mode batch -source /home/guerbett/Repositories/c-compiler-project/archi_mat/V1/microprocesseur/microprocesseur.sim/sim_1/behav/xsim/xsim.dir/ALU_TEST_behav/webtalk/xsim_webtalk.tcl -notrace
# Log file: /home/guerbett/Repositories/c-compiler-project/archi_mat/V1/microprocesseur/microprocesseur.sim/sim_1/behav/xsim/webtalk.log
# Journal file: /home/guerbett/Repositories/c-compiler-project/archi_mat/V1/microprocesseur/microprocesseur.sim/sim_1/behav/xsim/webtalk.jou
#-----------------------------------------------------------
source /home/guerbett/Repositories/c-compiler-project/archi_mat/V1/microprocesseur/microprocesseur.sim/sim_1/behav/xsim/xsim.dir/ALU_TEST_behav/webtalk/xsim_webtalk.tcl -notrace
